1. int num1;
2. int num2;
3. int num3;
4. bool num4;
5. bool num5;
6. int num6[10];
7. num1 = 10;
8. num2 = 20;
9. num3 = 13;
10. num4 = true;
11. if (num2+20+num2 == 3*num2) {
12.  print num1;
13. }
14. num1 = num1 - num2;
15. num2 = num2/4;
16. num2 = num2%3;
17. num3 = num3%5;
18. num3 = -num3;
19. num3 = -num3;
20. num2 = 2^7;
21. num2 = num2^0;
22. num4 = 1 < 0;
23. num4 = 0 < 1;
24. num4 = num4 < 1;
25. num5 = true;
26. num5 = false;
27. num5 = 1 > 0;
28. num4 = num5;
29. num4 = 1 <= 1;
30. num4 = 2 <= 1;
31. num5 = false;
32. num5 = 1 >= 1;
33. num5 = 1 >= 2;
34. num5 = false;
35. num5 = 1 == 1;
36. num5 = 1 != 1;
37. num5 = false;
38. num5 = !num5;
39. num5 = !num5;
40. num5 = true;
41. num5 = num5 && num5;
42. num5 = num5 && false;
43. num5 = false;
44. print num5;
45. num5 = num5 || true;
46. print num5;
47. num5 = num5 || false;
48. print num5;
49. num5 = false || false;
50. print num5;
51. num5 = true || num5;
52. printlines(1);
53. print num5;
54. printspaces(10);
55. printString("\nHello world\n");
56. printString("It works\n");
57. printString("Hello world\n");
58. printString("Testing newlines\n");
59. num1 = 1;
60. while(num1 <= 5) {
61.     printString("While loop\n");
62.     num1 = num1 + 1;
63. }
64. num5 = true;
65. num1 = 1;
66. while(num5) {
67.     if(num1 == 5){
68.         num5 = false;
69.     }
70.     printString("if while statement test\n");
71.     num1 = num1 + 1;
72. }
73. num5 = true;
74. if(num5){
75.     printString("Condition is true\n");
76. }
77. else {
78.     printString("Condition is false\n");
79. }
80. num5 = false;
81. if(num5){
82.     printString("Condition is true\n");
83. }
84. else {
85.     printString("Condition is false\n");
86. }
87. if(num1 == 10){
88.     printString("num1 is 10\n");
89. }else{
90.     printString("num2 is not 10\n");
91. }
92. print num2;
93. num1 = 1;
94. num2 = 2;
95. print(num1*2, num2*5);
96. num1 = 5;
97. num2 = 6;
98. print(num1, num2);
99. num4 = false;
100. num5 = true;
101. print(num4 && num5, num5 || num4, true && false);
102. num6[5] = 1;
103. num6[2] = 7;
104. num6[7] = 5;
                 ^
Illegal Character in lex
